Welcome to Qwirkle!
-------------------

Menu
----
1. New Game
2. Load Game
3. Credits (Show student information)
4. Quit
5. Toggle tile colours [OFF]

> 
Goodbye
